CARD 200 https://read.amazon.com/sample/B0FRGB2PMR?clientId=share
completed=128 requests=128 p103=1 p110=7 p241=9 errors=0 elapsed=5.2
completed=256 requests=257 p103=1 p110=10 p241=11 errors=0 elapsed=9.9
completed=384 requests=385 p103=3 p110=12 p241=15 errors=0 elapsed=14.8
completed=512 requests=513 p103=5 p110=16 p241=15 errors=0 elapsed=19.0
completed=640 requests=641 p103=5 p110=20 p241=20 errors=0 elapsed=23.0
completed=768 requests=770 p103=7 p110=24 p241=25 errors=0 elapsed=27.9
completed=896 requests=898 p103=11 p110=30 p241=31 errors=0 elapsed=32.5
completed=1024 requests=1028 p103=12 p110=35 p241=34 errors=0 elapsed=36.5
completed=1152 requests=1158 p103=14 p110=38 p241=38 errors=0 elapsed=42.8
completed=1280 requests=1288 p103=15 p110=44 p241=42 errors=0 elapsed=48.4
completed=1408 requests=1416 p103=15 p110=48 p241=46 errors=0 elapsed=52.7
completed=1536 requests=1544 p103=16 p110=57 p241=52 errors=0 elapsed=57.3
completed=1664 requests=1672 p103=21 p110=60 p241=54 errors=0 elapsed=61.6
completed=1792 requests=1801 p103=24 p110=66 p241=57 errors=0 elapsed=66.3
completed=1920 requests=1932 p103=25 p110=72 p241=63 errors=0 elapsed=73.4
completed=2048 requests=2063 p103=29 p110=82 p241=71 errors=0 elapsed=79.5
{
  "103": [
    "apart",
    "chaos",
    "cheap",
    "dance",
    "direct",
    "extend",
    "found",
    "govern",
    "height",
    "hold",
    "hollow",
    "keep",
    "machine",
    "metal",
    "only",
    "replace",
    "sea",
    "shadow",
    "sick",
    "siege",
    "ski",
    "space",
    "strategy",
    "swarm",
    "turn",
    "wealth",
    "when",
    "where",
    "word"
  ],
  "110": [
    "abandon",
    "about",
    "age",
    "all",
    "annual",
    "another",
    "apart",
    "balance",
    "between",
    "bomb",
    "civil",
    "control",
    "country",
    "curtain",
    "describe",
    "direct",
    "east",
    "engine",
    "erupt",
    "execute",
    "exist",
    "eye",
    "few",
    "final",
    "govern",
    "group",
    "guilt",
    "have",
    "hidden",
    "hour",
    "hunt",
    "iron",
    "island",
    "knife",
    "know",
    "like",
    "live",
    "more",
    "mother",
    "nation",
    "news",
    "now",
    "often",
    "order",
    "over",
    "phrase",
    "private",
    "profit",
    "radio",
    "remember",
    "rent",
    "resource",
    "rich",
    "right",
    "road",
    "route",
    "same",
    "seed",
    "side",
    "since",
    "spare",
    "state",
    "step",
    "success",
    "sure",
    "swarm",
    "time",
    "tool",
    "total",
    "use",
    "used",
    "useful",
    "wealth",
    "west",
    "what",
    "when",
    "window",
    "wonder",
    "word",
    "work",
    "worth",
    "wrestle"
  ],
  "241": [
    "across",
    "alert",
    "almost",
    "always",
    "answer",
    "arm",
    "armed",
    "around",
    "ask",
    "away",
    "begin",
    "calm",
    "can",
    "chair",
    "close",
    "dream",
    "drift",
    "easy",
    "edge",
    "elegant",
    "expect",
    "eye",
    "finger",
    "floor",
    "force",
    "gaze",
    "genuine",
    "glow",
    "guilt",
    "head",
    "help",
    "inhale",
    "innocent",
    "just",
    "kind",
    "life",
    "like",
    "more",
    "must",
    "now",
    "once",
    "one",
    "over",
    "pause",
    "place",
    "possible",
    "pulse",
    "ready",
    "reflect",
    "right",
    "risk",
    "room",
    "sense",
    "soft",
    "soon",
    "still",
    "system",
    "tone",
    "total",
    "try",
    "use",
    "used",
    "useful",
    "voice",
    "walk",
    "want",
    "when",
    "where",
    "word",
    "world",
    "you"
  ]
}
